Renesas Optimizing Linker (W2.08.00 )             06-Jul-2018 11:36:25

*** Options ***

-noprelink
-subcommand=LinkerSubCommand.tmp
-input=".\src\api_demo.obj"
-input=".\src\dbsct.obj"
-input=".\src\hwsetup.obj"
-input=".\src\intprg.obj"
-input=".\src\lcd.obj"
-input=".\src\r_can_api.obj"
-input=".\src\resetprg.obj"
-input=".\src\switches.obj"
-input=".\src\vecttbl.obj"
-library=".\KitTest010_CAN_3.lib"
-start=B_1,R_1,B_2,R_2,B,R,SU,SI/01000,PResetPRG/0FFFF8000,C_1,C_2,C,C$*,L,D*,P,PIntPRG,CST*/0FFFF8100,FIXEDVECT/0FFFFFFD0
-output=KitTest010_CAN_3.abs
-form=absolute
-nomessage
-list=KitTest010_CAN_3.map
-show=symbol,total_size,vector
-samesize=1E
-rom=D=R,D_1=R_1,D_2=R_2
-nologo

*** Error information ***

*** Mapping List ***

SECTION                            START      END         SIZE   ALIGN
B_1
                                  00001000  00001003         4   1
R_1
                                  00001004  00001004         1   1
B_2
                                  00001005  00001005         0   1
R_2
                                  00001005  00001005         0   1
B
                                  00001008  00001053        4c   4
R
                                  00001054  0000108f        3c   4
SU
                                  00001090  0000138f       300   4
SI
                                  00001390  0000148f       100   4
PResetPRG
                                  ffff8000  ffff8045        46   1
C_1
                                  ffff8100  ffff8100         0   1
C_2
                                  ffff8100  ffff8100         0   1
C
                                  ffff8100  ffff8197        98   4
C$DSEC
                                  ffff8198  ffff81bb        24   4
C$BSEC
                                  ffff81bc  ffff81d3        18   4
C$VECT
                                  ffff81d4  ffff85d3       400   4
L
                                  ffff85d4  ffff8676        a3   4
D
                                  ffff8678  ffff86b3        3c   4
D_1
                                  ffff86b4  ffff86b4         1   1
D_2
                                  ffff86b5  ffff86b5         0   1
P
                                  ffff86b5  ffffa4a7      1df3   1
PIntPRG
                                  ffffa4a8  ffffa4b7        10   1
CST
                                  ffffa4b8  ffffa4b8         0   1
CST_1
                                  ffffa4b8  ffffa4b8         0   1
CST_2
                                  ffffa4b8  ffffa4b8         0   1
FIXEDVECT
                                  ffffffd0  ffffffff        30   4

*** Total Section Size ***

RAMDATA SECTION:  0000048d Byte(s)
ROMDATA SECTION:  000005e4 Byte(s)
PROGRAM SECTION:  00001e49 Byte(s)

*** Symbol List ***

SECTION=
FILE=                               START        END    SIZE
  SYMBOL                            ADDR        SIZE    INFO      COUNTS  OPT

SECTION=B_1
FILE=.\src\switches.obj
                                  00001000  00001003         4
  _last_sw_data
                                  00001000         1   data ,g         * 
  _fix_sw_data
                                  00001001         1   data ,g         * 
  _last_fix_sw_data
                                  00001002         1   data ,g         * 
  _sw_count
                                  00001003         1   data ,g         * 

SECTION=R_1
FILE=.\src\lcd.obj
                                  00001004  00001004         1
  _next_pos$1
                                  00001004         1   data ,l         * 

SECTION=B
FILE=.\src\api_demo.obj
                                  00001008  00001053        4c
  _tx_dataframe
                                  00001008        10   data ,g         * 
  _rx_dataframe
                                  00001018        10   data ,g         * 
  _remote_frame
                                  00001028        10   data ,g         * 
  _g_tx_id_default
                                  00001038         4   data ,g         * 
  _g_rx_id_default
                                  0000103c         4   data ,g         * 
  _app_err_nr
                                  00001040         4   data ,g         * 
  _can_state
                                  00001044         8   data ,l         * 
  _nr_times_reached_busoff
                                  0000104c         8   data ,l         * 

SECTION=R
FILE=.\src\api_demo.obj
                                  00001054  00001077        24
  _can0_tx_sentdata_flag
                                  00001054         4   data ,g         * 
  _can0_tx_remote_sentdata_flag
                                  00001058         4   data ,g         * 
  _can0_rx_newdata_flag
                                  0000105c         4   data ,g         * 
  _can0_rx_test_newdata_flag
                                  00001060         4   data ,g         * 
  _can0_rx_remote_frame_flag
                                  00001064         4   data ,g         * 
  _error_bus_status
                                  00001068         8   data ,l         * 
  _error_bus_status_prev
                                  00001070         8   data ,l         * 
FILE=.\src\dbsct.obj
                                  00001078  0000108f        18
  _CTBL
                                  00001078        18   data ,g         * 

SECTION=SU
FILE=.\src\resetprg.obj
                                  00001090  0000138f       300

SECTION=SI
FILE=.\src\resetprg.obj
                                  00001390  0000148f       100

SECTION=PResetPRG
FILE=.\src\resetprg.obj
                                  ffff8000  ffff8045        46
  _PowerON_Reset_PC
                                  ffff8000        46   entry,g         * 

SECTION=C
FILE=.\src\r_can_api.obj
                                  ffff8100  ffff817f        80
  _bit_set
                                  ffff8100        80   data ,l         * 
FILE=.\src\switches.obj
                                  ffff8180  ffff8197        18
  _SwitchFuncTable
                                  ffff8180        18   data ,g         * 

SECTION=C$DSEC
FILE=.\src\dbsct.obj
                                  ffff8198  ffff81bb        24
  _DTBL
                                  ffff8198        24   data ,g         * 

SECTION=C$BSEC
FILE=.\src\dbsct.obj
                                  ffff81bc  ffff81d3        18
  _BTBL
                                  ffff81bc        18   data ,g         * 

SECTION=C$VECT
FILE=.\src\resetprg.obj
                                  ffff81d4  ffff85d3       400

SECTION=L
FILE=.\src\api_demo.obj
                                  ffff85d4  ffff8658        85
FILE=.\src\switches.obj
                                  ffff865c  ffff8676        1b

SECTION=D
FILE=.\src\api_demo.obj
                                  ffff8678  ffff869b        24
FILE=.\src\dbsct.obj
                                  ffff869c  ffff86b3        18

SECTION=D_1
FILE=.\src\lcd.obj
                                  ffff86b4  ffff86b4         1

SECTION=P
FILE=.\src\api_demo.obj
                                  ffff86b5  ffff8f02       84e
  _main
                                  ffff86b5       130   func ,g         * 
  _CanIntDemo
                                  ffff87e5       1fc   func ,l         * 
  _InitCanApp
                                  ffff89e1        f4   func ,l         * 
  _CheckCANerrors
                                  ffff8ad5        68   func ,l         * 
  _HandleCanBusState
                                  ffff8b3d       136   func ,l         * 
  _ResetAllErrors
                                  ffff8c73        6a   func ,g         * 
  _TestLEDs
                                  ffff8cdd       14b   func ,l         * 
  _Delay
                                  ffff8e28        19   func ,g         * 
  _CAN0_TXM0_ISR
                                  ffff8e41        4c   func ,g         * 
  _CAN0_RXM0_ISR
                                  ffff8e8d        66   func ,g         * 
  _CAN0_ERS0_ISR
                                  ffff8ef3        10   func ,g         * 
FILE=.\src\hwsetup.obj
                                  ffff8f03  ffff910e       20c
  _HardwareSetup
                                  ffff8f03       200   func ,g         * 
  _PeripheralStandbyControl
                                  ffff9103         c   func ,l         * 
FILE=.\src\lcd.obj
                                  ffff910f  ffff93fe       2f0
  _InitialiseDisplay
                                  ffff910f        76   func ,g         * 
  _DisplayString
                                  ffff9185        5e   func ,g         * 
  _LCD_write
                                  ffff91e3        1a   func ,g         * 
  _LCD_nibble_write
                                  ffff91fd        6d   func ,g         * 
  _DisplayDelay
                                  ffff926a        18   func ,g         * 
  _Convert_16BitNumber_ToString
                                  ffff9282        9c   func ,g         * 
  _LcdShow2DigHex
                                  ffff931e        1a   func ,g         * 
  _LcdShow4DigHex
                                  ffff9338        2a   func ,g         * 
  _IntToAsciiHex
                                  ffff9362        9d   func ,g         * 
FILE=.\src\r_can_api.obj
                                  ffff93ff  ffffa1e9       deb
  _R_CAN_Create
                                  ffff93ff       17d   func ,g         * 
  _R_CAN_PortSet
                                  ffff957c       151   func ,g         * 
  _R_CAN_Control
                                  ffff96cd       1d9   func ,g         * 
  _R_CAN_TxSet
                                  ffff98a6       209   func ,g         * 
  _R_CAN_TxSetXid
                                  ffff9aaf        33   func ,g         * 
  _R_CAN_Tx
                                  ffff9ae2       11e   func ,g         * 
  _R_CAN_TxCheck
                                  ffff9c00        6c   func ,g         * 
  _R_CAN_TxStopMsg
                                  ffff9c6c        85   func ,g         * 
  _R_CAN_RxSet
                                  ffff9cf1       1c0   func ,g         * 
  _R_CAN_RxSetXid
                                  ffff9eb1        1e   func ,g         * 
  _R_CAN_RxPoll
                                  ffff9ecf        71   func ,g         * 
  _R_CAN_RxRead
                                  ffff9f40       103   func ,g         * 
  _R_CAN_RxSetMask
                                  ffffa043        95   func ,g         * 
  _R_CAN_CheckErr
                                  ffffa0d8        48   func ,g         * 
  _R_CAN_SetBitrate
                                  ffffa120        54   func ,g         * 
  _R_CAN_ConfigCANinterrupts
                                  ffffa174        76   func ,l         * 
FILE=.\src\switches.obj
                                  ffffa1ea  ffffa45d       274
  _ReadSwitches
                                  ffffa1ea        44   func ,g         * 
  _AreSwitchesStable
                                  ffffa22e        75   func ,l         * 
  _SwitchDecode
                                  ffffa2a3        a8   func ,l         * 
  _Sw1Func
                                  ffffa34b        1d   func ,l         * 
  _Sw2Func
                                  ffffa368        45   func ,l         * 
  _Sw3Func
                                  ffffa3ad        3d   func ,l         * 
  _Sw23Func
                                  ffffa3ea        27   func ,l         * 
  _Sw32Func
                                  ffffa411        4b   func ,l         * 
  _SwNoneFunc
                                  ffffa45c         2   func ,l         * 
FILE=__initsct
                                  ffffa45e  ffffa4a7        4a
  __INITSCT
                                  ffffa45e         0   none ,g         * 
  loop1
                                  ffffa470         0   none ,l         * 
  next_loop1
                                  ffffa47e         0   none ,l         * 
  loop3
                                  ffffa490         0   none ,l         * 
  next_loop3
                                  ffffa4a1         0   none ,l         * 

SECTION=PIntPRG
FILE=.\src\intprg.obj
                                  ffffa4a8  ffffa4b7        10
  _Excep_SuperVisorInst
                                  ffffa4a8         2   func ,g         * 
  _Excep_Access
                                  ffffa4aa         2   func ,g         * 
  _Excep_UndefinedInst
                                  ffffa4ac         2   func ,g         * 
  _Excep_FloatingPoint
                                  ffffa4ae         2   func ,g         * 
  _NonMaskableInterrupt
                                  ffffa4b0         2   func ,g         * 
  _Dummy
                                  ffffa4b2         2   func ,g         * 
  _Expep_BRK
                                  ffffa4b4         4   func ,g         * 

SECTION=FIXEDVECT
FILE=.\src\vecttbl.obj
                                  ffffffd0  ffffffff        30
  _Fixed_Vectors
                                  ffffffd0        30   data ,g         * 

*** Unfilled Areas ***

AREA                                START    END

*** Delete Symbols ***

SYMBOL                                SIZE    INFO

*** Variable Vector Table List ***

NO.    SYMBOL/ADDRESS
  0    _Expep_BRK
  1    
  2    
  3    
  4    
  5    
  6    
  7    
  8    
  9    
 10    
 11    
 12    
 13    
 14    
 15    
 16    
 17    
 18    
 19    
 20    
 21    
 22    
 23    
 24    
 25    
 26    
 27    
 28    
 29    
 30    
 31    
 32    
 33    
 34    
 35    
 36    
 37    
 38    
 39    
 40    
 41    
 42    
 43    
 44    
 45    
 46    
 47    
 48    
 49    
 50    
 51    
 52    
 53    
 54    
 55    
 56    _CAN0_ERS0_ISR
 57    
 58    
 59    _CAN0_RXM0_ISR
 60    _CAN0_TXM0_ISR
 61    
 62    
 63    
 64    
 65    
 66    
 67    
 68    
 69    
 70    
 71    
 72    
 73    
 74    
 75    
 76    
 77    
 78    
 79    
 80    
 81    
 82    
 83    
 84    
 85    
 86    
 87    
 88    
 89    
 90    
 91    
 92    
 93    
 94    
 95    
 96    
 97    
 98    
 99    
100    
101    
102    
103    
104    
105    
106    
107    
108    
109    
110    
111    
112    
113    
114    
115    
116    
117    
118    
119    
120    
121    
122    
123    
124    
125    
126    
127    
128    
129    
130    
131    
132    
133    
134    
135    
136    
137    
138    
139    
140    
141    
142    
143    
144    
145    
146    
147    
148    
149    
150    
151    
152    
153    
154    
155    
156    
157    
158    
159    
160    
161    
162    
163    
164    
165    
166    
167    
168    
169    
170    
171    
172    
173    
174    
175    
176    
177    
178    
179    
180    
181    
182    
183    
184    
185    
186    
187    
188    
189    
190    
191    
192    
193    
194    
195    
196    
197    
198    
199    
200    
201    
202    
203    
204    
205    
206    
207    
208    
209    
210    
211    
212    
213    
214    
215    
216    
217    
218    
219    
220    
221    
222    
223    
224    
225    
226    
227    
228    
229    
230    
231    
232    
233    
234    
235    
236    
237    
238    
239    
240    
241    
242    
243    
244    
245    
246    
247    
248    
249    
250    
251    
252    
253    
254    
255    
