Renesas Optimizing Linker (W2.08.00 )             04-Jul-2018 15:03:12

*** Options ***

-noprelink
-subcommand=LinkerSubCommand.tmp
-input=".\r_bsp/board/rdkrx62n\dbsct.obj"
-input=".\r_bsp/board/rdkrx62n\hwsetup.obj"
-input=".\r_bsp/board/rdkrx62n\lowlvl.obj"
-input=".\r_bsp/board/rdkrx62n\lowsrc.obj"
-input=".\r_bsp/board/rdkrx62n\resetprg.obj"
-input=".\r_bsp/board/rdkrx62n\sbrk.obj"
-input=".\r_bsp/board/rdkrx62n\vecttbl.obj"
-input=".\r_bsp/mcu/all\r_bsp_common.obj"
-input=".\r_bsp/mcu/rx62n\cpu.obj"
-input=".\r_bsp/mcu/rx62n\locking.obj"
-input=".\r_bsp/mcu/rx62n\mcu_clocks.obj"
-input=".\r_bsp/mcu/rx62n\mcu_init.obj"
-input=".\r_bsp/mcu/rx62n\mcu_interrupts.obj"
-input=".\r_bsp/mcu/rx62n\mcu_locks.obj"
-input=".\src\KitTest001.obj"
-library=".\KitTest001.lib"
-start=SU,SI,B_1,R_1,B_2,R_2,B,R/04,PResetPRG,C_1,C_2,C,C$*,D*,W*,L,PIntPRG,P/0FFF80000,FIXEDVECT/0FFFFFF80
-output=KitTest001.abs
-form=absolute
-nomessage
-list=KitTest001.map
-nooptimize
-rom=D=R,D_1=R_1,D_2=R_2
-nologo

*** Error information ***

W0561100:Cannot find "PResetPRG" specified in option "start"
W0561100:Cannot find "PIntPRG" specified in option "start"

*** Mapping List ***

SECTION                            START      END         SIZE   ALIGN
SU
                                  00000004  00001003      1000   4
SI
                                  00001004  00001403       400   4
B_1
                                  00001404  0000142b        28   1
R_1
                                  0000142c  0000147b        50   1
B_2
                                  0000147c  0000147c         0   1
R_2
                                  0000147c  0000147c         0   1
B
                                  0000147c  00001a4f       5d4   4
R
                                  00001a50  00001b47        f8   4
C_1
                                  fff80000  fff80000         0   1
C_2
                                  fff80000  fff80000         0   1
C
                                  fff80000  fff80077        78   4
C$DSEC
                                  fff80078  fff8009b        24   4
C$BSEC
                                  fff8009c  fff800b3        18   4
C$VECT
                                  fff800b4  fff804b3       400   4
D
                                  fff804b4  fff805ab        f8   4
D_1
                                  fff805ac  fff805fb        50   1
D_2
                                  fff805fc  fff805fc         0   1
W
                                  fff805fc  fff805fc         0   1
W_1
                                  fff805fc  fff805fc         0   1
W_2
                                  fff805fc  fff805fc         0   1
L
                                  fff805fc  fff80641        46   4
P
                                  fff80642  fff811d7       b96   1
FIXEDVECT
                                  ffffff80  ffffffff        80   4
