Renesas Optimizing Linker (W2.08.00 )             10-Jul-2018 11:21:19

*** Options ***

-noprelink
-subcommand=LinkerSubCommand.tmp
-input=".\FreeRTOS/portable/Renesas/RX600\port_asm.obj"
-input=".\FreeRTOS\list.obj"
-input=".\FreeRTOS/portable/MemMang\heap_4.obj"
-input=".\FreeRTOS/portable/Renesas/RX600\port.obj"
-input=".\FreeRTOS\queue.obj"
-input=".\FreeRTOS\tasks.obj"
-input=".\FreeRTOS\timers.obj"
-input=".\ParTest.obj"
-input=".\dbsct.obj"
-input=".\hwsetup.obj"
-input=".\idcode.obj"
-input=".\interrupt_handlers.obj"
-input=".\main.obj"
-input=".\printf-stdarg.obj"
-input=".\reset_program.obj"
-input=".\vector_table.obj"
-library=".\KitTest012_RTOS_Blinky.lib"
-start=SU,SI,B_1,R_1,B_2,R_2,B,R/04,PResetPRG,C_1,C_2,C,C$*,D*,W*,L,PIntPRG,P/0FFF80000,FIXEDVECT/0FFFFFF70
-output=KitTest012_RTOS_Blinky.abs
-form=absolute
-nomessage
-list=KitTest012_RTOS_Blinky.map
-nooptimize
-rom=D=R,D_1=R_1,D_2=R_2
-nologo

*** Error information ***

*** Mapping List ***

SECTION                            START      END         SIZE   ALIGN
SU
                                  00000004  00000103       100   4
SI
                                  00000104  00000403       300   4
B_1
                                  00000404  0000045f        5c   1
R_1
                                  00000460  00000460         0   1
B_2
                                  00000460  00000460         0   1
R_2
                                  00000460  00000460         0   1
B
                                  00000460  00006993      6534   4
R
                                  00006994  000069ef        5c   4
PResetPRG
                                  fff80000  fff80034        35   1
C_1
                                  fff80035  fff80048        14   1
C_2
                                  fff8004a  fff8004b         2   2
C
                                  fff8004c  fff80067        1c   4
C$DSEC
                                  fff80068  fff8008b        24   4
C$BSEC
                                  fff8008c  fff800a3        18   4
C$VECT
                                  fff800a4  fff804a3       400   4
D
                                  fff804a4  fff804ff        5c   4
D_1
                                  fff80500  fff80500         0   1
D_2
                                  fff80500  fff80500         0   1
W
                                  fff80500  fff80500         0   4
W_1
                                  fff80500  fff80517        18   1
W_2
                                  fff80518  fff8052f        18   2
L
                                  fff80530  fff805b2        83   4
PIntPRG
                                  fff805b3  fff80704       152   1
P
                                  fff80705  fff8388b      3187   1
FIXEDVECT
                                  ffffff70  ffffff9f        30   4
$ADDR_C_FFFFFFA0
                                  ffffffa0  ffffffaf        10   1
