Renesas Optimizing Linker (W2.08.00 )             11-Jul-2018 13:29:17

*** Options ***

-noprelink
-subcommand=LinkerSubCommand.tmp
-input=".\FreeRTOS/portable/Renesas/RX600\port_asm.obj"
-input=".\FreeRTOS\list.obj"
-input=".\FreeRTOS/portable/MemMang\heap_4.obj"
-input=".\FreeRTOS/portable/Renesas/RX600\port.obj"
-input=".\FreeRTOS\queue.obj"
-input=".\FreeRTOS\tasks.obj"
-input=".\FreeRTOS\timers.obj"
-input=".\ParTest.obj"
-input=".\dbsct.obj"
-input=".\hwsetup.obj"
-input=".\intprg.obj"
-input=".\led.obj"
-input=".\main.obj"
-input=".\printf-stdarg.obj"
-input=".\resetprg.obj"
-input=".\sbrk.obj"
-input=".\vecttbl.obj"
-library=".\KitRTOS_Test007_QueuesMult.lib"
-start=SU,SI,B_1,R_1,B_2,R_2,B,R/04,PResetPRG,C_1,C_2,C,C$*,D*,W*,L,PIntPRG,P/0FFF80000,FIXEDVECT/0FFFFFF80
-output=KitRTOS_Test007_QueuesMult.abs
-form=absolute
-nomessage
-list=KitRTOS_Test007_QueuesMult.map
-nooptimize
-rom=D=R,D_1=R_1,D_2=R_2
-nologo

*** Error information ***

*** Mapping List ***

SECTION                            START      END         SIZE   ALIGN
SU
                                  00000004  00000103       100   4
SI
                                  00000104  00000403       300   4
B_1
                                  00000404  0000045f        5c   1
R_1
                                  00000460  00000460         0   1
B_2
                                  00000460  00000460         0   1
R_2
                                  00000460  00000460         0   1
B
                                  00000460  00006d93      6934   4
R
                                  00006d94  00006def        5c   4
PResetPRG
                                  fff80000  fff80034        35   1
C_1
                                  fff80035  fff80048        14   1
C_2
                                  fff80049  fff80049         0   1
C
                                  fff8004c  fff8008f        44   4
C$DSEC
                                  fff80090  fff800b3        24   4
C$BSEC
                                  fff800b4  fff800cb        18   4
C$INIT
                                  fff800cc  fff800cc         0   1
C$VECT
                                  fff800cc  fff804cb       400   4
C$VTBL
                                  fff804cc  fff804cc         0   1
D
                                  fff804cc  fff80527        5c   4
D_1
                                  fff80528  fff80528         0   1
D_2
                                  fff80528  fff80528         0   1
W
                                  fff80528  fff80528         0   1
W_1
                                  fff80528  fff80528         0   1
W_2
                                  fff80528  fff80528         0   1
L
                                  fff80528  fff805ba        93   4
PIntPRG
                                  fff805bb  fff8070e       154   1
P
                                  fff8070f  fff828cf      21c1   1
FIXEDVECT
                                  ffffff80  ffffffff        80   4
