* RX FAMILY ASSEMBLER V2.08.00.01 [06 Oct 2017] *  SOURCE LIST  Fri Jul 06 11:04:41 2018

LOC.     OBJ.              0XMDA SOURCE STATEMENT

                                 ;RX Family C/C++ Compiler (V2.08.00 [30 Nov 2017])  06-Jul-2018 11:04:41
                                 
                                 ;*** CPU TYPE ***
                                 
                                 ;-CPU=RX600
                                 
                                 ;*** COMMAND PARAMETER ***
                                 
                                 ;-output=src=hwsetup.src
                                 ;-cpu=rx600
                                 ;-fpu
                                 ;-include=C:\PROGRA~2\RENESA~1\CS_~1\CC\CC-RX\V208~1.00\include,C:\Users\fpolo\e2_studio\workspace\KitTest010_CAN_3\src
                                 ;-define=NOT_USE_CAN_POLL=1
                                 ;-lang=c99
                                 ;-nomessage
                                 ;-change_message=information
                                 ;-obj_path=src
                                 ;-debug
                                 ;-listfile=src/hwsetup.lst
                                 ;-show=source
                                 ;-optimize=0
                                 ;-nologo
                                 ;hwsetup.c
                                 
                                 		.glb	_HardwareSetup
                                 		.glb	_R_CAN_PortSet
                                 ;LineNo. C-SOURCE STATEMENT
                                 
                                 		.SECTION	P,CODE
00000000                         _HardwareSetup:
                                 		.STACK	_HardwareSetup=4
                                 ;       1 /***********************************************************************/
                                 ;       2 /*                                                                     */
                                 ;       3 /*  FILE        :hwsetup.c                                             */
                                 ;       4 /*  DATE        :Wed, Jan 28, 2009                                     */
                                 ;       5 /*  DESCRIPTION :Hardware Setup file                                   */
                                 ;       6 /*  CPU TYPE    :Other                                                 */
                                 ;       7 /*                                                                     */
                                 ;       8 /*  This file is generated by Renesas Project Generator (Ver.4.13).    */
                                 ;       9 /*                                                                     */
                                 ;      10 /***********************************************************************/
                                 ;      11 /* Mar 22 '10  REA   For RX62N with new CAN API.*/
                                 ;      12 
                                 ;      13 #include "iodefine.h"
                                 ;      14 #include "rskRX62Ndef.h"
                                 ;      15 #include "stdint.h"
                                 ;      16 #include "r_can_api.h"
                                 ;      17 	
                                 ;      18 #ifdef __cplusplus
                                 ;      19 extern "C" {
                                 ;      20 #endif
                                 ;      21 extern void HardwareSetup(void);
                                 ;      22 #ifdef __cplusplus
                                 ;      23 }
                                 ;      24 #endif
                                 ;      25 
                                 ;      26 static void PeripheralStandbyControl(void);
                                 ;      27 
                                 ;      28 /******************************************************************************
                                 ;      29 Function Name:       HardwareSetup
                                 ;      30 Parameters:          -
                                 ;      31 Return value:        -
                                 ;      32 Description:         IO and peripheral control.
                                 ;      33 ******************************************************************************/
                                 ;      34 void HardwareSetup(void)
                                 		.LINE  "C:\Users\fpolo\e2_studio\workspace\KitTest010_CAN_3\src\hwsetup.c",34
00000000 FBEE200008              		MOV.L #00080020H, R14
                                 ;      35 {
                                 ;      36 	/* ICLK = EXTAL*8 = 12M*8 = 96 MHz. */
                                 ;      37 	SYSTEM.SCKCR.BIT.ICK  =  0;
                                 		.LINE  "C:\Users\fpolo\e2_studio\workspace\KitTest010_CAN_3\src\hwsetup.c",37
00000005 ECEF                    		MOV.L [R14], R15
00000007 742FFFFFFFF0            		AND #0F0FFFFFFH, R15
0000000D E3EF                    		MOV.L R15, [R14]
0000000F                         L11:	; entry.split
0000000F FBEE200008              		MOV.L #00080020H, R14
                                 ;      38 	/* PCLK = EXTAL*4 = 12M*4 = 48 MHz. */
                                 ;      39 	SYSTEM.SCKCR.BIT.PCK  =  1;
                                 		.LINE  "C:\Users\fpolo\e2_studio\workspace\KitTest010_CAN_3\src\hwsetup.c",39
00000014 ECEF                    		MOV.L [R14], R15
00000016 788F                    		BSET #08H, R15
00000018 762FFFF1                		AND #0FFFFF1FFH, R15
0000001C E3EF                    		MOV.L R15, [R14]
0000001E                         L12:	; entry.split1
0000001E FBEE200008              		MOV.L #00080020H, R14
                                 ;      40 	/* BCLK = EXTAL*2 = 12M*2 = 24 MHz. */
                                 ;      41 	SYSTEM.SCKCR.BIT.BCK  =  2;
                                 		.LINE  "C:\Users\fpolo\e2_studio\workspace\KitTest010_CAN_3\src\hwsetup.c",41
00000023 ECEF                    		MOV.L [R14], R15
00000025 791F                    		BSET #11H, R15
00000027 772FFFFFF2              		AND #0FFF2FFFFH, R15
0000002C E3EF                    		MOV.L R15, [R14]
0000002E                         L13:	; entry.split2
0000002E FBEE200008              		MOV.L #00080020H, R14
                                 ;      42 	/* Enable BCLK output (high level). */
                                 ;      43 	SYSTEM.SCKCR.BIT.PSTOP1  =  0;	
                                 		.LINE  "C:\Users\fpolo\e2_studio\workspace\KitTest010_CAN_3\src\hwsetup.c",43
00000033 ECEF                    		MOV.L [R14], R15
00000035 7B7F                    		BCLR #17H, R15
00000037 E3EF                    		MOV.L R15, [R14]
00000039                         L14:	; entry.split3
                                 ;      44 	
                                 ;      45 	/* BCLK output (24MHz). */
                                 ;      46 	/* P5.DDR.BIT.B3  =  1;
                                 ;      47     
                                 ;      48 		
                                 ;      49 	/*** DEFAULT port settings. Configure as output low. ***/
                                 ;      50 	/* Port0. */
                                 ;      51 	PORT1.DDR.BYTE = 0xFF;
                                 		.LINE  "C:\Users\fpolo\e2_studio\workspace\KitTest010_CAN_3\src\hwsetup.c",51
00000039 FBEE01C008              		MOV.L #0008C001H, R14
0000003E F8E4FF                  		MOV.B #0FFH, [R14]
00000041                         L15:	; entry.split4
                                 ;      52 	PORT1.DR.BYTE = 0x00;
                                 		.LINE  "C:\Users\fpolo\e2_studio\workspace\KitTest010_CAN_3\src\hwsetup.c",52
00000041 FBEE01C008              		MOV.L #0008C001H, R14
00000046 F9E42000                		MOV.B #00H, 20H[R14]
0000004A                         L16:	; entry.split5
                                 ;      53 	/* Port1. */
                                 ;      54 	PORT1.DDR.BYTE = 0xFF;
                                 		.LINE  "C:\Users\fpolo\e2_studio\workspace\KitTest010_CAN_3\src\hwsetup.c",54
0000004A FBEE01C008              		MOV.L #0008C001H, R14
0000004F F8E4FF                  		MOV.B #0FFH, [R14]
00000052                         L17:	; entry.split6
                                 ;      55 	PORT1.DR.BYTE = 0x00;
                                 		.LINE  "C:\Users\fpolo\e2_studio\workspace\KitTest010_CAN_3\src\hwsetup.c",55
00000052 FBEE01C008              		MOV.L #0008C001H, R14
00000057 F9E42000                		MOV.B #00H, 20H[R14]
0000005B                         L18:	; entry.split7
                                 ;      56 	/* Port2. */
                                 ;      57 	PORT2.DDR.BYTE = 0xFF;
                                 		.LINE  "C:\Users\fpolo\e2_studio\workspace\KitTest010_CAN_3\src\hwsetup.c",57
0000005B FBEE02C008              		MOV.L #0008C002H, R14
00000060 F8E4FF                  		MOV.B #0FFH, [R14]
00000063                         L19:	; entry.split8
                                 ;      58 	PORT2.DR.BYTE = 0x00;
                                 		.LINE  "C:\Users\fpolo\e2_studio\workspace\KitTest010_CAN_3\src\hwsetup.c",58
00000063 FBEE02C008              		MOV.L #0008C002H, R14
00000068 F9E42000                		MOV.B #00H, 20H[R14]
0000006C                         L20:	; entry.split9
                                 ;      59 	/* Port3. */
                                 ;      60 	PORT3.DDR.BYTE = 0xFF;
                                 		.LINE  "C:\Users\fpolo\e2_studio\workspace\KitTest010_CAN_3\src\hwsetup.c",60
0000006C FBEE03C008              		MOV.L #0008C003H, R14
00000071 F8E4FF                  		MOV.B #0FFH, [R14]
00000074                         L21:	; entry.split10
                                 ;      61 	PORT3.DR.BYTE = 0x00;
                                 		.LINE  "C:\Users\fpolo\e2_studio\workspace\KitTest010_CAN_3\src\hwsetup.c",61
00000074 FBEE03C008              		MOV.L #0008C003H, R14
00000079 F9E42000                		MOV.B #00H, 20H[R14]
0000007D                         L22:	; entry.split11
                                 ;      62 	/* Port4. */
                                 ;      63 	PORT4.DDR.BYTE = 0xFF;
                                 		.LINE  "C:\Users\fpolo\e2_studio\workspace\KitTest010_CAN_3\src\hwsetup.c",63
0000007D FBEE04C008              		MOV.L #0008C004H, R14
00000082 F8E4FF                  		MOV.B #0FFH, [R14]
00000085                         L23:	; entry.split12
                                 ;      64 	PORT4.DR.BYTE = 0x00;
                                 		.LINE  "C:\Users\fpolo\e2_studio\workspace\KitTest010_CAN_3\src\hwsetup.c",64
00000085 FBEE04C008              		MOV.L #0008C004H, R14
0000008A F9E42000                		MOV.B #00H, 20H[R14]
0000008E                         L24:	; entry.split13
                                 ;      65 	/* Port5. */
                                 ;      66 	PORT5.DDR.BYTE = 0xFF;
                                 		.LINE  "C:\Users\fpolo\e2_studio\workspace\KitTest010_CAN_3\src\hwsetup.c",66
0000008E FBEE05C008              		MOV.L #0008C005H, R14
00000093 F8E4FF                  		MOV.B #0FFH, [R14]
00000096                         L25:	; entry.split14
                                 ;      67 	PORT5.DR.BYTE = 0x00;
                                 		.LINE  "C:\Users\fpolo\e2_studio\workspace\KitTest010_CAN_3\src\hwsetup.c",67
00000096 FBEE05C008              		MOV.L #0008C005H, R14
0000009B F9E42000                		MOV.B #00H, 20H[R14]
0000009F                         L26:	; entry.split15
                                 ;      68 	/* Port6. */
                                 ;      69 	PORT6.DDR.BYTE = 0xFF;
                                 		.LINE  "C:\Users\fpolo\e2_studio\workspace\KitTest010_CAN_3\src\hwsetup.c",69
0000009F FBEE06C008              		MOV.L #0008C006H, R14
000000A4 F8E4FF                  		MOV.B #0FFH, [R14]
000000A7                         L27:	; entry.split16
                                 ;      70 	PORT6.DR.BYTE = 0x00;
                                 		.LINE  "C:\Users\fpolo\e2_studio\workspace\KitTest010_CAN_3\src\hwsetup.c",70
000000A7 FBEE06C008              		MOV.L #0008C006H, R14
000000AC F9E42000                		MOV.B #00H, 20H[R14]
000000B0                         L28:	; entry.split17
                                 ;      71 	/* Port7. */
                                 ;      72 	PORT7.DDR.BYTE = 0xFF;
                                 		.LINE  "C:\Users\fpolo\e2_studio\workspace\KitTest010_CAN_3\src\hwsetup.c",72
000000B0 FBEE07C008              		MOV.L #0008C007H, R14
000000B5 F8E4FF                  		MOV.B #0FFH, [R14]
000000B8                         L29:	; entry.split18
                                 ;      73 	PORT7.DR.BYTE = 0x00;
                                 		.LINE  "C:\Users\fpolo\e2_studio\workspace\KitTest010_CAN_3\src\hwsetup.c",73
000000B8 FBEE07C008              		MOV.L #0008C007H, R14
000000BD F9E42000                		MOV.B #00H, 20H[R14]
000000C1                         L30:	; entry.split19
                                 ;      74 	/* Port8 */
                                 ;      75 	PORT8.DDR.BYTE = 0xFF;
                                 		.LINE  "C:\Users\fpolo\e2_studio\workspace\KitTest010_CAN_3\src\hwsetup.c",75
000000C1 FBEE08C008              		MOV.L #0008C008H, R14
000000C6 F8E4FF                  		MOV.B #0FFH, [R14]
000000C9                         L31:	; entry.split20
                                 ;      76 	PORT8.DR.BYTE = 0x00;
                                 		.LINE  "C:\Users\fpolo\e2_studio\workspace\KitTest010_CAN_3\src\hwsetup.c",76
000000C9 FBEE08C008              		MOV.L #0008C008H, R14
000000CE F9E42000                		MOV.B #00H, 20H[R14]
000000D2                         L32:	; entry.split21
                                 ;      77 	/* Port9. */
                                 ;      78 	PORT7.DDR.BYTE = 0xFF;
                                 		.LINE  "C:\Users\fpolo\e2_studio\workspace\KitTest010_CAN_3\src\hwsetup.c",78
000000D2 FBEE07C008              		MOV.L #0008C007H, R14
000000D7 F8E4FF                  		MOV.B #0FFH, [R14]
000000DA                         L33:	; entry.split22
                                 ;      79 	PORT7.DR.BYTE = 0x00;
                                 		.LINE  "C:\Users\fpolo\e2_studio\workspace\KitTest010_CAN_3\src\hwsetup.c",79
000000DA FBEE07C008              		MOV.L #0008C007H, R14
000000DF F9E42000                		MOV.B #00H, 20H[R14]
000000E3                         L34:	; entry.split23
                                 ;      80 	
                                 ;      81 	
                                 ;      82 	/*** SPECIFIC port settings. ***/
                                 ;      83 	/* Switches are inputs. 
                                 ;      84 	SW1 is p0_0, SW2 is p0_1, SW3 is p0_7. */
                                 ;      85 	PORT0.DDR.BIT.B0 = 0;
                                 		.LINE  "C:\Users\fpolo\e2_studio\workspace\KitTest010_CAN_3\src\hwsetup.c",85
000000E3 FBEE00C008              		MOV.L #0008C000H, R14
000000E8 F0E8                    		BCLR #00H, [R14].B
000000EA                         L35:	; entry.split24
                                 ;      86 	PORT0.DDR.BIT.B1 = 0;
                                 		.LINE  "C:\Users\fpolo\e2_studio\workspace\KitTest010_CAN_3\src\hwsetup.c",86
000000EA FBEE00C008              		MOV.L #0008C000H, R14
000000EF F0E9                    		BCLR #01H, [R14].B
000000F1                         L36:	; entry.split25
                                 ;      87 	PORT0.DDR.BIT.B7 = 0;		
                                 		.LINE  "C:\Users\fpolo\e2_studio\workspace\KitTest010_CAN_3\src\hwsetup.c",87
000000F1 FBEE00C008              		MOV.L #0008C000H, R14
000000F6 F0EF                    		BCLR #07H, [R14].B
000000F8                         L37:	; entry.split26
                                 ;      88 
                                 ;      89 	/* Switches; set ICR for P0_0, 1, and 7. */
                                 ;      90 	PORT0.ICR.BIT.B0 = 1;
                                 		.LINE  "C:\Users\fpolo\e2_studio\workspace\KitTest010_CAN_3\src\hwsetup.c",90
000000F8 FBEE00C008              		MOV.L #0008C000H, R14
000000FD F1E060                  		BSET #00H, 60H[R14].B
00000100                         L38:	; entry.split27
                                 ;      91 	PORT0.ICR.BIT.B1 = 1;
                                 		.LINE  "C:\Users\fpolo\e2_studio\workspace\KitTest010_CAN_3\src\hwsetup.c",91
00000100 FBEE00C008              		MOV.L #0008C000H, R14
00000105 F1E160                  		BSET #01H, 60H[R14].B
00000108                         L39:	; entry.split28
                                 ;      92 	PORT0.ICR.BIT.B7 = 1;
                                 		.LINE  "C:\Users\fpolo\e2_studio\workspace\KitTest010_CAN_3\src\hwsetup.c",92
00000108 FBEE00C008              		MOV.L #0008C000H, R14
0000010D F1E760                  		BSET #07H, 60H[R14].B
00000110                         L40:	; entry.split29
                                 ;      93 	
                                 ;      94 	/* Set LCD pins as outputs. */
                                 ;      95     /* LCD-RS. */
                                 ;      96     PORT8.DDR.BIT.B4  =  1;
                                 		.LINE  "C:\Users\fpolo\e2_studio\workspace\KitTest010_CAN_3\src\hwsetup.c",96
00000110 FBEE08C008              		MOV.L #0008C008H, R14
00000115 F0E4                    		BSET #04H, [R14].B
00000117                         L41:	; entry.split30
                                 ;      97     /* LCD-EN. */
                                 ;      98     PORT8.DDR.BIT.B5  =  1;
                                 		.LINE  "C:\Users\fpolo\e2_studio\workspace\KitTest010_CAN_3\src\hwsetup.c",98
00000117 FBEE08C008              		MOV.L #0008C008H, R14
0000011C F0E5                    		BSET #05H, [R14].B
0000011E                         L42:	; entry.split31
0000011E FBEE09C008              		MOV.L #0008C009H, R14
                                 ;      99     /* LCD-data. */
                                 ;     100     PORT9.DDR.BYTE  =  0xF0;
                                 		.LINE  "C:\Users\fpolo\e2_studio\workspace\KitTest010_CAN_3\src\hwsetup.c",100
00000123 F8E4F0                  		MOV.B #0F0H, [R14]
00000126                         L43:	; entry.split32
                                 ;     101 	
                                 ;     102 	/* Set LED ports as outputs. */
                                 ;     103 	ENABLE_LEDS
                                 		.LINE  "C:\Users\fpolo\e2_studio\workspace\KitTest010_CAN_3\src\hwsetup.c",103
00000126 FBEE07C008              		MOV.L #0008C007H, R14
0000012B F0E3                    		BSET #03H, [R14].B
0000012D 58EE                    		MOVU.B [R14], R14
0000012F FBFE06C008              		MOV.L #0008C006H, R15
00000134 58F5                    		MOVU.B [R15], R5
00000136 7A05                    		BCLR #00H, R5
00000138 683E                    		SHLR #03H, R14
0000013A 641E                    		AND #01H, R14
0000013C 57E5                    		OR R14, R5
0000013E C3F5                    		MOV.B R5, [R15]
00000140 58FE                    		MOVU.B [R15], R14
00000142 FBFE03C008              		MOV.L #0008C003H, R15
00000147 58F5                    		MOVU.B [R15], R5
00000149 7A45                    		BCLR #04H, R5
0000014B 6C4E                    		SHLL #04H, R14
0000014D 752E10                  		AND #10H, R14
00000150 57E5                    		OR R14, R5
00000152 C3F5                    		MOV.B R5, [R15]
00000154 58FE                    		MOVU.B [R15], R14
00000156 FBFE00C008              		MOV.L #0008C000H, R15
0000015B 7545DF                  		MOV.L #000000DFH, R5
0000015E 50F5                    		AND [R15].UB, R5
00000160 6C1E                    		SHLL #01H, R14
00000162 752E20                  		AND #20H, R14
00000165 57E5                    		OR R14, R5
00000167 C3F5                    		MOV.B R5, [R15]
00000169 58FE                    		MOVU.B [R15], R14
0000016B 58F5                    		MOVU.B [R15], R5
0000016D 7A35                    		BCLR #03H, R5
0000016F 682E                    		SHLR #02H, R14
00000171 648E                    		AND #08H, R14
00000173 57E5                    		OR R14, R5
00000175 C3F5                    		MOV.B R5, [R15]
00000177 58FE                    		MOVU.B [R15], R14
00000179 58F5                    		MOVU.B [R15], R5
0000017B 7A25                    		BCLR #02H, R5
0000017D 681E                    		SHLR #01H, R14
0000017F 644E                    		AND #04H, R14
00000181 57E5                    		OR R14, R5
00000183 C3F5                    		MOV.B R5, [R15]
00000185                         L44:	; entry.split33
                                 ;     104     ALL_LEDS_ON
                                 		.LINE  "C:\Users\fpolo\e2_studio\workspace\KitTest010_CAN_3\src\hwsetup.c",104
00000185 FBEE07C008              		MOV.L #0008C007H, R14
0000018A F1EB20                  		BCLR #03H, 20H[R14].B
0000018D 59EE20                  		MOVU.B 20H[R14], R14
00000190 FBFE06C008              		MOV.L #0008C006H, R15
00000195 59F520                  		MOVU.B 20H[R15], R5
00000198 7A05                    		BCLR #00H, R5
0000019A 683E                    		SHLR #03H, R14
0000019C 641E                    		AND #01H, R14
0000019E 57E5                    		OR R14, R5
000001A0 C7F520                  		MOV.B R5, 20H[R15]
000001A3 59FE20                  		MOVU.B 20H[R15], R14
000001A6 FBFE03C008              		MOV.L #0008C003H, R15
000001AB 59F520                  		MOVU.B 20H[R15], R5
000001AE 7A45                    		BCLR #04H, R5
000001B0 6C4E                    		SHLL #04H, R14
000001B2 752E10                  		AND #10H, R14
000001B5 57E5                    		OR R14, R5
000001B7 C7F520                  		MOV.B R5, 20H[R15]
000001BA 59FE20                  		MOVU.B 20H[R15], R14
000001BD FBFE00C008              		MOV.L #0008C000H, R15
000001C2 7545DF                  		MOV.L #000000DFH, R5
000001C5 51F520                  		AND 20H[R15].UB, R5
000001C8 6C1E                    		SHLL #01H, R14
000001CA 752E20                  		AND #20H, R14
000001CD 57E5                    		OR R14, R5
000001CF C7F520                  		MOV.B R5, 20H[R15]
000001D2 59FE20                  		MOVU.B 20H[R15], R14
000001D5 59F520                  		MOVU.B 20H[R15], R5
000001D8 7A35                    		BCLR #03H, R5
000001DA 682E                    		SHLR #02H, R14
000001DC 648E                    		AND #08H, R14
000001DE 57E5                    		OR R14, R5
000001E0 C7F520                  		MOV.B R5, 20H[R15]
000001E3 59FE20                  		MOVU.B 20H[R15], R14
000001E6 59F520                  		MOVU.B 20H[R15], R5
000001E9 7A25                    		BCLR #02H, R5
000001EB 681E                    		SHLR #01H, R14
000001ED 644E                    		AND #04H, R14
000001EF 57E5                    		OR R14, R5
000001F1 C7F520                  		MOV.B R5, 20H[R15]
000001F4                         L45:	; entry.split34
000001F4 6612                    		MOV.L #00000001H, R2
000001F6 6601                    		MOV.L #00000000H, R1
                                 ;     105 	
                                 ;     106 	/* For CAN see API. Set default port for CAN so an output high on a 
                                 ;     107     CAN pin or low doesn't affect the bus. */
                                 ;     108 	R_CAN_PortSet(0, ENABLE);
                                 		.LINE  "C:\Users\fpolo\e2_studio\workspace\KitTest010_CAN_3\src\hwsetup.c",108
000001F8 05rrrrrr             A  		BSR _R_CAN_PortSet
000001FC                         L46:	; entry.split35
                                 ;     109     
                                 ;     110 	PeripheralStandbyControl();
                                 		.LINE  "C:\Users\fpolo\e2_studio\workspace\KitTest010_CAN_3\src\hwsetup.c",110
000001FC 39rrrr               W  		BSR __$PeripheralStandbyControl
000001FF 02                      		RTS
00000200                         __$PeripheralStandbyControl:
                                 		.STACK	__$PeripheralStandbyControl=4
                                 ;     111 }/* HardwareSetup() */
                                 ;     112 
                                 ;     113 /******************************************************************************
                                 ;     114 Function Name:       PeripheralStandbyControl
                                 ;     115 Parameters:          -
                                 ;     116 Return value:        -
                                 ;     117 Description:         Control whether peripherals are in standby or is on.
                                 ;     118 ******************************************************************************/
                                 ;     119 static void PeripheralStandbyControl(void)
                                 		.LINE  "C:\Users\fpolo\e2_studio\workspace\KitTest010_CAN_3\src\hwsetup.c",119
00000200 FBEE140008              		MOV.L #00080014H, R14
                                 ;     120 {
                                 ;     121 	/* CAN: Module Stop Control Register B (MSTPCRB) bit0 is for CAN Module.
                                 ;     122 	0: The module stop state is canceled.
                                 ;     123 	1: Transition to the module stop state is made. */
                                 ;     124 	SYSTEM.MSTPCRB.BIT.MSTPB0  =  0;
                                 		.LINE  "C:\Users\fpolo\e2_studio\workspace\KitTest010_CAN_3\src\hwsetup.c",124
00000205 ECEF                    		MOV.L [R14], R15
00000207 7A0F                    		BCLR #00H, R15
00000209 E3EF                    		MOV.L R15, [R14]
0000020B 02                      		RTS
                                 ;     125 	
                                 ;     126 }/* end PeripheralStandbyControl() */
                                 ;     127 /* EOF */
                                 		.END

Information List

TOTAL ERROR(S)    00000
TOTAL WARNING(S)  00000
TOTAL LINE(S)     00403   LINES

Section List

Attr         Size               Name
CODE     0000000524(0000020CH)  P

Cpu Type

-CPU=RX600

Command Parameter

-subcommand=C:\Users\fpolo\AppData\Local\Temp\$ccrx6F3BBEA\$ccrx\hwsetup.src.cmd
    -nologo
    -cpu=rx600
    -fpu
    -fint_register=0
    -debug
    -endian=little
-listfile=C:\Users\fpolo\e2_studio\workspace\KitTest010_CAN_3\Debug\src\hwsetup.lst
-output=C:\Users\fpolo\e2_studio\workspace\KitTest010_CAN_3\Debug\src\hwsetup.obj
