* RX FAMILY ASSEMBLER V2.08.00.01 [06 Oct 2017] *  SOURCE LIST  Fri Jul 06 09:06:33 2018

LOC.     OBJ.              0XMDA SOURCE STATEMENT

                                 ;RX Family C/C++ Compiler (V2.08.00 [30 Nov 2017])  06-Jul-2018 09:06:33
                                 
                                 ;*** CPU TYPE ***
                                 
                                 ;-CPU=RX600
                                 
                                 ;*** COMMAND PARAMETER ***
                                 
                                 ;-output=src=hwsetup.src
                                 ;-cpu=rx600
                                 ;-fpu
                                 ;-include=C:\PROGRA~2\RENESA~1\CS_~1\CC\CC-RX\V208~1.00\include,C:\Users\fpolo\e2_studio\workspace\KitTest008_CAN_2,C:\Users\fpolo\e2_studio\workspace\KitTest008_CAN_2
                                 ;-define=NOT_DEBUG=1
                                 ;-lang=c99
                                 ;-nomessage
                                 ;-change_message=information
                                 ;-obj_path=src
                                 ;-debug
                                 ;-listfile=src/hwsetup.lst
                                 ;-show=source
                                 ;-optimize=0
                                 ;-speed
                                 ;-nologo
                                 ;hwsetup.c
                                 
                                 		.glb	_HardwareSetup
                                 		.glb	_R_CAN_PortSet
                                 ;LineNo. C-SOURCE STATEMENT
                                 
                                 		.SECTION	P,CODE
00000000                         _HardwareSetup:
                                 		.STACK	_HardwareSetup=4
                                 ;       1 /***********************************************************************/
                                 ;       2 /*                                                                     */
                                 ;       3 /*  FILE        :hwsetup.c                                             */
                                 ;       4 /*  DATE        :Wed, Jan 28, 2009                                     */
                                 ;       5 /*  DESCRIPTION :Hardware Setup file                                   */
                                 ;       6 /*  CPU TYPE    :Other                                                 */
                                 ;       7 /*                                                                     */
                                 ;       8 /*  This file is generated by Renesas Project Generator (Ver.4.13).    */
                                 ;       9 /*                                                                     */
                                 ;      10 /***********************************************************************/
                                 ;      11 /* Mar 22 '10	RTA-CSS		For RX62N with new CAN API.
                                 ;      12 /* Sep 1 '10	REA			Hwsetup for YRDKRX62N.	*/
                                 ;      13 
                                 ;      14 #include "iodefine.h"
                                 ;      15 #include "rdkrx62n.h"
                                 ;      16 #include "stdint.h"
                                 ;      17 #include "r_can_api.h"
                                 ;      18 	
                                 ;      19 #ifdef __cplusplus
                                 ;      20 extern "C" {
                                 ;      21 #endif
                                 ;      22 extern void HardwareSetup(void);
                                 ;      23 #ifdef __cplusplus
                                 ;      24 }
                                 ;      25 #endif
                                 ;      26 
                                 ;      27 static void PeripheralStandbyControl(void);
                                 ;      28 
                                 ;      29 /******************************************************************************
                                 ;      30 Function Name:       HardwareSetup
                                 ;      31 Parameters:          -
                                 ;      32 Return value:        -
                                 ;      33 Description:         IO and peripheral control.
                                 ;      34 ******************************************************************************/
                                 ;      35 void HardwareSetup(void)
                                 		.LINE  "C:\Users\fpolo\e2_studio\workspace\KitTest008_CAN_2\src\hwsetup.c",35
00000000 FBEE200008              		MOV.L #00080020H, R14
                                 ;      36 {
                                 ;      37 	/* ICLK = EXTAL*8 = 12M*8 = 96 MHz. */
                                 ;      38 	SYSTEM.SCKCR.BIT.ICK  =  0;
                                 		.LINE  "C:\Users\fpolo\e2_studio\workspace\KitTest008_CAN_2\src\hwsetup.c",38
00000005 ECEF                    		MOV.L [R14], R15
00000007 742FFFFFFFF0            		AND #0F0FFFFFFH, R15
0000000D E3EF                    		MOV.L R15, [R14]
0000000F                         L11:	; entry.split
0000000F FBEE200008              		MOV.L #00080020H, R14
                                 ;      39 	/* PCLK = EXTAL*4 = 12M*4 = 48 MHz. */
                                 ;      40 	SYSTEM.SCKCR.BIT.PCK  =  1;
                                 		.LINE  "C:\Users\fpolo\e2_studio\workspace\KitTest008_CAN_2\src\hwsetup.c",40
00000014 ECEF                    		MOV.L [R14], R15
00000016 788F                    		BSET #08H, R15
00000018 762FFFF1                		AND #0FFFFF1FFH, R15
0000001C E3EF                    		MOV.L R15, [R14]
0000001E                         L12:	; entry.split1
0000001E FBEE200008              		MOV.L #00080020H, R14
                                 ;      41 	/* BCLK = EXTAL*2 = 12M*2 = 24 MHz. */
                                 ;      42 	SYSTEM.SCKCR.BIT.BCK  =  2;
                                 		.LINE  "C:\Users\fpolo\e2_studio\workspace\KitTest008_CAN_2\src\hwsetup.c",42
00000023 ECEF                    		MOV.L [R14], R15
00000025 791F                    		BSET #11H, R15
00000027 772FFFFFF2              		AND #0FFF2FFFFH, R15
0000002C E3EF                    		MOV.L R15, [R14]
0000002E                         L13:	; entry.split2
0000002E FBEE200008              		MOV.L #00080020H, R14
                                 ;      43 	/* Enable BCLK output (high level). */
                                 ;      44 	SYSTEM.SCKCR.BIT.PSTOP1  =  0;	
                                 		.LINE  "C:\Users\fpolo\e2_studio\workspace\KitTest008_CAN_2\src\hwsetup.c",44
00000033 ECEF                    		MOV.L [R14], R15
00000035 7B7F                    		BCLR #17H, R15
00000037 E3EF                    		MOV.L R15, [R14]
00000039                         L14:	; entry.split3
                                 ;      45 	
                                 ;      46 	/* BCLK output (24MHz). */
                                 ;      47 	/* P5.DDR.BIT.B3  =  1;
                                 ;      48     
                                 ;      49 		
                                 ;      50 	/*** DEFAULT port settings. Configure as output low. ***/
                                 ;      51 	/* Port0. */
                                 ;      52 	PORT1.DDR.BYTE = 0xFF;
                                 		.LINE  "C:\Users\fpolo\e2_studio\workspace\KitTest008_CAN_2\src\hwsetup.c",52
00000039 FBEE01C008              		MOV.L #0008C001H, R14
0000003E F8E4FF                  		MOV.B #0FFH, [R14]
00000041                         L15:	; entry.split4
                                 ;      53 	PORT1.DR.BYTE = 0x00;
                                 		.LINE  "C:\Users\fpolo\e2_studio\workspace\KitTest008_CAN_2\src\hwsetup.c",53
00000041 FBEE01C008              		MOV.L #0008C001H, R14
00000046 F9E42000                		MOV.B #00H, 20H[R14]
0000004A                         L16:	; entry.split5
                                 ;      54 	/* Port1. */
                                 ;      55 	PORT1.DDR.BYTE = 0xFF;
                                 		.LINE  "C:\Users\fpolo\e2_studio\workspace\KitTest008_CAN_2\src\hwsetup.c",55
0000004A FBEE01C008              		MOV.L #0008C001H, R14
0000004F F8E4FF                  		MOV.B #0FFH, [R14]
00000052                         L17:	; entry.split6
                                 ;      56 	PORT1.DR.BYTE = 0x00;
                                 		.LINE  "C:\Users\fpolo\e2_studio\workspace\KitTest008_CAN_2\src\hwsetup.c",56
00000052 FBEE01C008              		MOV.L #0008C001H, R14
00000057 F9E42000                		MOV.B #00H, 20H[R14]
0000005B                         L18:	; entry.split7
                                 ;      57 	/* Port2. */
                                 ;      58 	PORT2.DDR.BYTE = 0xFF;
                                 		.LINE  "C:\Users\fpolo\e2_studio\workspace\KitTest008_CAN_2\src\hwsetup.c",58
0000005B FBEE02C008              		MOV.L #0008C002H, R14
00000060 F8E4FF                  		MOV.B #0FFH, [R14]
00000063                         L19:	; entry.split8
                                 ;      59 	PORT2.DR.BYTE = 0x00;
                                 		.LINE  "C:\Users\fpolo\e2_studio\workspace\KitTest008_CAN_2\src\hwsetup.c",59
00000063 FBEE02C008              		MOV.L #0008C002H, R14
00000068 F9E42000                		MOV.B #00H, 20H[R14]
0000006C                         L20:	; entry.split9
                                 ;      60 	/* Port3. */
                                 ;      61 	PORT3.DDR.BYTE = 0xFF;
                                 		.LINE  "C:\Users\fpolo\e2_studio\workspace\KitTest008_CAN_2\src\hwsetup.c",61
0000006C FBEE03C008              		MOV.L #0008C003H, R14
00000071 F8E4FF                  		MOV.B #0FFH, [R14]
00000074                         L21:	; entry.split10
                                 ;      62 	PORT3.DR.BYTE = 0x00;
                                 		.LINE  "C:\Users\fpolo\e2_studio\workspace\KitTest008_CAN_2\src\hwsetup.c",62
00000074 FBEE03C008              		MOV.L #0008C003H, R14
00000079 F9E42000                		MOV.B #00H, 20H[R14]
0000007D                         L22:	; entry.split11
                                 ;      63 	/* Port4. */
                                 ;      64 	PORT4.DDR.BYTE = 0xFF;
                                 		.LINE  "C:\Users\fpolo\e2_studio\workspace\KitTest008_CAN_2\src\hwsetup.c",64
0000007D FBEE04C008              		MOV.L #0008C004H, R14
00000082 F8E4FF                  		MOV.B #0FFH, [R14]
00000085                         L23:	; entry.split12
                                 ;      65 	PORT4.DR.BYTE = 0x00;
                                 		.LINE  "C:\Users\fpolo\e2_studio\workspace\KitTest008_CAN_2\src\hwsetup.c",65
00000085 FBEE04C008              		MOV.L #0008C004H, R14
0000008A F9E42000                		MOV.B #00H, 20H[R14]
0000008E                         L24:	; entry.split13
                                 ;      66 	/* Port5. */
                                 ;      67 	PORT5.DDR.BYTE = 0xFF;
                                 		.LINE  "C:\Users\fpolo\e2_studio\workspace\KitTest008_CAN_2\src\hwsetup.c",67
0000008E FBEE05C008              		MOV.L #0008C005H, R14
00000093 F8E4FF                  		MOV.B #0FFH, [R14]
00000096                         L25:	; entry.split14
                                 ;      68 	PORT5.DR.BYTE = 0x00;
                                 		.LINE  "C:\Users\fpolo\e2_studio\workspace\KitTest008_CAN_2\src\hwsetup.c",68
00000096 FBEE05C008              		MOV.L #0008C005H, R14
0000009B F9E42000                		MOV.B #00H, 20H[R14]
0000009F                         L26:	; entry.split15
                                 ;      69 	/* Port6. */
                                 ;      70 	PORT6.DDR.BYTE = 0xFF;
                                 		.LINE  "C:\Users\fpolo\e2_studio\workspace\KitTest008_CAN_2\src\hwsetup.c",70
0000009F FBEE06C008              		MOV.L #0008C006H, R14
000000A4 F8E4FF                  		MOV.B #0FFH, [R14]
000000A7                         L27:	; entry.split16
                                 ;      71 	PORT6.DR.BYTE = 0x00;
                                 		.LINE  "C:\Users\fpolo\e2_studio\workspace\KitTest008_CAN_2\src\hwsetup.c",71
000000A7 FBEE06C008              		MOV.L #0008C006H, R14
000000AC F9E42000                		MOV.B #00H, 20H[R14]
000000B0                         L28:	; entry.split17
                                 ;      72 	/* Port7. */
                                 ;      73 	PORT7.DDR.BYTE = 0xFF;
                                 		.LINE  "C:\Users\fpolo\e2_studio\workspace\KitTest008_CAN_2\src\hwsetup.c",73
000000B0 FBEE07C008              		MOV.L #0008C007H, R14
000000B5 F8E4FF                  		MOV.B #0FFH, [R14]
000000B8                         L29:	; entry.split18
                                 ;      74 	PORT7.DR.BYTE = 0x00;
                                 		.LINE  "C:\Users\fpolo\e2_studio\workspace\KitTest008_CAN_2\src\hwsetup.c",74
000000B8 FBEE07C008              		MOV.L #0008C007H, R14
000000BD F9E42000                		MOV.B #00H, 20H[R14]
000000C1                         L30:	; entry.split19
                                 ;      75 	/* Port8 */
                                 ;      76 	PORT8.DDR.BYTE = 0xFF;
                                 		.LINE  "C:\Users\fpolo\e2_studio\workspace\KitTest008_CAN_2\src\hwsetup.c",76
000000C1 FBEE08C008              		MOV.L #0008C008H, R14
000000C6 F8E4FF                  		MOV.B #0FFH, [R14]
000000C9                         L31:	; entry.split20
                                 ;      77 	PORT8.DR.BYTE = 0x00;
                                 		.LINE  "C:\Users\fpolo\e2_studio\workspace\KitTest008_CAN_2\src\hwsetup.c",77
000000C9 FBEE08C008              		MOV.L #0008C008H, R14
000000CE F9E42000                		MOV.B #00H, 20H[R14]
000000D2                         L32:	; entry.split21
                                 ;      78 	/* Port9. */
                                 ;      79 	PORT7.DDR.BYTE = 0xFF;
                                 		.LINE  "C:\Users\fpolo\e2_studio\workspace\KitTest008_CAN_2\src\hwsetup.c",79
000000D2 FBEE07C008              		MOV.L #0008C007H, R14
000000D7 F8E4FF                  		MOV.B #0FFH, [R14]
000000DA                         L33:	; entry.split22
                                 ;      80 	PORT7.DR.BYTE = 0x00;
                                 		.LINE  "C:\Users\fpolo\e2_studio\workspace\KitTest008_CAN_2\src\hwsetup.c",80
000000DA FBEE07C008              		MOV.L #0008C007H, R14
000000DF F9E42000                		MOV.B #00H, 20H[R14]
000000E3                         L34:	; entry.split23
000000E3 FBEE00C008              		MOV.L #0008C000H, R14
                                 ;      81 	
                                 ;      82 	
                                 ;      83 	/*** SPECIFIC port settings for RDK. ***/
                                 ;      84     PORT0.DDR.BYTE = 0x00 ;     // Port 0: inputs (IRQ's from ethernet & WiFi)
                                 		.LINE  "C:\Users\fpolo\e2_studio\workspace\KitTest008_CAN_2\src\hwsetup.c",84
000000E8 F8E400                  		MOV.B #00H, [R14]
000000EB                         L35:	; entry.split24
                                 ;      85     PORT1.DDR.BYTE = 0x00 ;     // Port 1: inputs (IIC and USB settings will override these later)
                                 		.LINE  "C:\Users\fpolo\e2_studio\workspace\KitTest008_CAN_2\src\hwsetup.c",85
000000EB FBEE01C008              		MOV.L #0008C001H, R14
000000F0 F8E400                  		MOV.B #00H, [R14]
000000F3                         L36:	; entry.split25
                                 ;      86     PORT2.DDR.BYTE = 0x1A ;     // Port 2: USB signals
                                 		.LINE  "C:\Users\fpolo\e2_studio\workspace\KitTest008_CAN_2\src\hwsetup.c",86
000000F3 FBEE02C008              		MOV.L #0008C002H, R14
000000F8 F8E41A                  		MOV.B #1AH, [R14]
000000FB                         L37:	; entry.split26
                                 ;      87     PORT3.DDR.BYTE = 0x04 ;     // Port 3: JTAG (P30, P31, P34), CAN (P32=Tx, P33=Rx), NMI (P35)
                                 		.LINE  "C:\Users\fpolo\e2_studio\workspace\KitTest008_CAN_2\src\hwsetup.c",87
000000FB FBEE03C008              		MOV.L #0008C003H, R14
00000100 F8E404                  		MOV.B #04H, [R14]
00000103                         L38:	; entry.split27
                                 ;      88     PORT4.DDR.BYTE = 0x00 ;     // Port 4: Switches (P40-P42), AIN (P43-P47)
                                 		.LINE  "C:\Users\fpolo\e2_studio\workspace\KitTest008_CAN_2\src\hwsetup.c",88
00000103 FBEE04C008              		MOV.L #0008C004H, R14
00000108 F8E400                  		MOV.B #00H, [R14]
0000010B                         L39:	; entry.split28
                                 ;      89     PORT5.DDR.BYTE = 0x3B ;     // Port 5: Audio (P55,P54), BCLK (P53), SCI (P52=Rx, P50=Tx), LCD-RS (P51)
                                 		.LINE  "C:\Users\fpolo\e2_studio\workspace\KitTest008_CAN_2\src\hwsetup.c",89
0000010B FBEE05C008              		MOV.L #0008C005H, R14
00000110 F8E43B                  		MOV.B #3BH, [R14]
00000113                         L40:	; entry.split29
                                 ;      90 
                                 ;      91     PORTA.DR.BYTE = 0x00 ;      // Port A outputs all LOW to start
                                 		.LINE  "C:\Users\fpolo\e2_studio\workspace\KitTest008_CAN_2\src\hwsetup.c",91
00000113 FBEE0AC008              		MOV.L #0008C00AH, R14
00000118 F9E42000                		MOV.B #00H, 20H[R14]
0000011C                         L41:	; entry.split30
                                 ;      92     PORTA.DDR.BYTE = 0xFF ;     // Port A: Expansion (PA0-PA2), Ether (PA3-PA5), Audio (PA6-PA7)
                                 		.LINE  "C:\Users\fpolo\e2_studio\workspace\KitTest008_CAN_2\src\hwsetup.c",92
0000011C FBEE0AC008              		MOV.L #0008C00AH, R14
00000121 F8E4FF                  		MOV.B #0FFH, [R14]
00000124                         L42:	; entry.split31
                                 ;      93     
                                 ;      94     PORTB.DR.BYTE = 0x00 ;
                                 		.LINE  "C:\Users\fpolo\e2_studio\workspace\KitTest008_CAN_2\src\hwsetup.c",94
00000124 FBEE0BC008              		MOV.L #0008C00BH, R14
00000129 F9E42000                		MOV.B #00H, 20H[R14]
0000012D                         L43:	; entry.split32
                                 ;      95     PORTB.DDR.BYTE = 0x70 ;     // Port B: Ether
                                 		.LINE  "C:\Users\fpolo\e2_studio\workspace\KitTest008_CAN_2\src\hwsetup.c",95
0000012D FBEE0BC008              		MOV.L #0008C00BH, R14
00000132 F8E470                  		MOV.B #70H, [R14]
00000135                         L44:	; entry.split33
                                 ;      96 
                                 ;      97     PORTC.DR.BYTE = 0xF7 ;      // Port C: Chip selects, clock = high; IO reset = low
                                 		.LINE  "C:\Users\fpolo\e2_studio\workspace\KitTest008_CAN_2\src\hwsetup.c",97
00000135 FBEE0CC008              		MOV.L #0008C00CH, R14
0000013A F9E420F7                		MOV.B #0F7H, 20H[R14]
0000013E                         L45:	; entry.split34
                                 ;      98     PORTC.DDR.BYTE = 0x7F ;     // Port C: SPI (PC0-2, PC4-7), IO reset (PC3)
                                 		.LINE  "C:\Users\fpolo\e2_studio\workspace\KitTest008_CAN_2\src\hwsetup.c",98
0000013E FBEE0CC008              		MOV.L #0008C00CH, R14
00000143 F8E47F                  		MOV.B #7FH, [R14]
00000146                         L46:	; entry.split35
                                 ;      99 
                                 ;     100     PORTD.DR.BYTE = 0x00;       // All LED's off
                                 		.LINE  "C:\Users\fpolo\e2_studio\workspace\KitTest008_CAN_2\src\hwsetup.c",100
00000146 FBEE0DC008              		MOV.L #0008C00DH, R14
0000014B F9E42000                		MOV.B #00H, 20H[R14]
0000014F                         L47:	; entry.split36
                                 ;     101     PORTD.DDR.BYTE = 0xFF ;     // Port D: LED's
                                 		.LINE  "C:\Users\fpolo\e2_studio\workspace\KitTest008_CAN_2\src\hwsetup.c",101
0000014F FBEE0DC008              		MOV.L #0008C00DH, R14
00000154 F8E4FF                  		MOV.B #0FFH, [R14]
00000157                         L48:	; entry.split37
                                 ;     102 
                                 ;     103     PORTE.DR.BYTE = 0x00  ;     // All LED's off
                                 		.LINE  "C:\Users\fpolo\e2_studio\workspace\KitTest008_CAN_2\src\hwsetup.c",103
00000157 FBEE0EC008              		MOV.L #0008C00EH, R14
0000015C F9E42000                		MOV.B #00H, 20H[R14]
00000160                         L49:	; entry.split38
                                 ;     104     PORTE.DDR.BYTE = 0xFF ;     // Port E: LED's (PE0-PE3), LCD data D0-D3) (PE4-PE7)
                                 		.LINE  "C:\Users\fpolo\e2_studio\workspace\KitTest008_CAN_2\src\hwsetup.c",104
00000160 FBEE0EC008              		MOV.L #0008C00EH, R14
00000165 F8E4FF                  		MOV.B #0FFH, [R14]
00000168                         L50:	; entry.split39
                                 ;     105 
                                 ;     106 	/* Switches; set ICR for P0_0, 1, and 7. */
                                 ;     107 	PORT4.ICR.BIT.B0 = 1;
                                 		.LINE  "C:\Users\fpolo\e2_studio\workspace\KitTest008_CAN_2\src\hwsetup.c",107
00000168 FBEE04C008              		MOV.L #0008C004H, R14
0000016D F1E060                  		BSET #00H, 60H[R14].B
00000170                         L51:	; entry.split40
                                 ;     108 	PORT4.ICR.BIT.B1 = 1;
                                 		.LINE  "C:\Users\fpolo\e2_studio\workspace\KitTest008_CAN_2\src\hwsetup.c",108
00000170 FBEE04C008              		MOV.L #0008C004H, R14
00000175 F1E160                  		BSET #01H, 60H[R14].B
00000178                         L52:	; entry.split41
                                 ;     109 	PORT4.ICR.BIT.B2 = 1;
                                 		.LINE  "C:\Users\fpolo\e2_studio\workspace\KitTest008_CAN_2\src\hwsetup.c",109
00000178 FBEE04C008              		MOV.L #0008C004H, R14
0000017D F1E260                  		BSET #02H, 60H[R14].B
00000180                         L53:	; entry.split42
00000180 6612                    		MOV.L #00000001H, R2
00000182 6601                    		MOV.L #00000000H, R1
                                 ;     110 	
                                 ;     111 	/* For CAN see API. Set default port for CAN so an output high on a 
                                 ;     112     CAN pin or low doesn't affect the bus. */
                                 ;     113 	R_CAN_PortSet(0, ENABLE);
                                 		.LINE  "C:\Users\fpolo\e2_studio\workspace\KitTest008_CAN_2\src\hwsetup.c",113
00000184 05rrrrrr             A  		BSR _R_CAN_PortSet
00000188                         L54:	; entry.split43
                                 ;     114     
                                 ;     115 	PeripheralStandbyControl();
                                 		.LINE  "C:\Users\fpolo\e2_studio\workspace\KitTest008_CAN_2\src\hwsetup.c",115
00000188 39rrrr               W  		BSR __$PeripheralStandbyControl
0000018B 02                      		RTS
0000018C                         __$PeripheralStandbyControl:
                                 		.STACK	__$PeripheralStandbyControl=4
                                 ;     116 }/* HardwareSetup() */
                                 ;     117 
                                 ;     118 /******************************************************************************
                                 ;     119 Function Name:       PeripheralStandbyControl
                                 ;     120 Parameters:          -
                                 ;     121 Return value:        -
                                 ;     122 Description:         Control whether peripherals are in standby or is on.
                                 ;     123 ******************************************************************************/
                                 ;     124 static void PeripheralStandbyControl(void)
                                 		.LINE  "C:\Users\fpolo\e2_studio\workspace\KitTest008_CAN_2\src\hwsetup.c",124
0000018C FBEE140008              		MOV.L #00080014H, R14
                                 ;     125 {
                                 ;     126 	/* CAN: Module Stop Control Register B (MSTPCRB) bit0 is for CAN Module.
                                 ;     127 	0: The module stop state is canceled.
                                 ;     128 	1: Transition to the module stop state is made. */
                                 ;     129 	SYSTEM.MSTPCRB.BIT.MSTPB0  =  0;
                                 		.LINE  "C:\Users\fpolo\e2_studio\workspace\KitTest008_CAN_2\src\hwsetup.c",129
00000191 ECEF                    		MOV.L [R14], R15
00000193 7A0F                    		BCLR #00H, R15
00000195 E3EF                    		MOV.L R15, [R14]
00000197 02                      		RTS
                                 ;     130 	
                                 ;     131 }/* end PeripheralStandbyControl() */
                                 ;     132 /* EOF */
                                 		.END

Information List

TOTAL ERROR(S)    00000
TOTAL WARNING(S)  00000
TOTAL LINE(S)     00365   LINES

Section List

Attr         Size               Name
CODE     0000000408(00000198H)  P

Cpu Type

-CPU=RX600

Command Parameter

-subcommand=C:\Users\fpolo\AppData\Local\Temp\$ccrx15AC4C0\$ccrx\hwsetup.src.cmd
    -nologo
    -cpu=rx600
    -fpu
    -fint_register=0
    -debug
    -endian=little
-listfile=C:\Users\fpolo\e2_studio\workspace\KitTest008_CAN_2\Debug\src\hwsetup.lst
-output=C:\Users\fpolo\e2_studio\workspace\KitTest008_CAN_2\Debug\src\hwsetup.obj
