* RX FAMILY ASSEMBLER V2.08.00.01 [06 Oct 2017] *  SOURCE LIST  Fri Jul 06 09:06:33 2018

LOC.     OBJ.              0XMDA SOURCE STATEMENT

                                 ;RX Family C/C++ Compiler (V2.08.00 [30 Nov 2017])  06-Jul-2018 09:06:33
                                 
                                 ;*** CPU TYPE ***
                                 
                                 ;-CPU=RX600
                                 
                                 ;*** COMMAND PARAMETER ***
                                 
                                 ;-output=src=intprg.src
                                 ;-cpu=rx600
                                 ;-fpu
                                 ;-include=C:\PROGRA~2\RENESA~1\CS_~1\CC\CC-RX\V208~1.00\include,C:\Users\fpolo\e2_studio\workspace\KitTest008_CAN_2,C:\Users\fpolo\e2_studio\workspace\KitTest008_CAN_2
                                 ;-define=NOT_DEBUG=1
                                 ;-lang=c99
                                 ;-nomessage
                                 ;-change_message=information
                                 ;-obj_path=src
                                 ;-debug
                                 ;-listfile=src/intprg.lst
                                 ;-show=source
                                 ;-optimize=0
                                 ;-speed
                                 ;-nologo
                                 ;intprg.c
                                 
                                 		.glb	_Excep_SuperVisorInst
                                 		.glb	_Excep_Access
                                 		.glb	_Excep_UndefinedInst
                                 		.glb	_Excep_FloatingPoint
                                 		.glb	_NonMaskableInterrupt
                                 		.glb	_Dummy
                                 		.glb	_Expep_BRK
                                 ;LineNo. C-SOURCE STATEMENT
                                 
                                 		.SECTION	PIntPRG,CODE
00000000                         _Excep_SuperVisorInst:
                                 		.STACK	_Excep_SuperVisorInst=8
                                 ;       1 /***********************************************************************/
                                 ;       2 /*                                                                     */
                                 ;       3 /*  FILE        :intprg.c                                              */
                                 ;       4 /*  DATE        :Fri, Jun 12, 2009                                     */
                                 ;       5 /*  DESCRIPTION :Interrupt Program                                     */
                                 ;       6 /*  CPU TYPE    :Other                                                 */
                                 ;       7 /*                                                                     */
                                 ;       8 /*  This file is generated by Renesas Project Generator (Ver.4.13).    */
                                 ;       9 /*                                                                     */
                                 ;      10 /***********************************************************************/
                                 ;      11                   
                                 ;      12 #include <machine.h>
                                 ;      13 #include "vect.h"
                                 ;      14 #pragma section IntPRG
                                 ;      15 
                                 ;      16 // Exception(Supervisor Instruction)
                                 ;      17 void Excep_SuperVisorInst(void){/* brk(); */}
                                 		.LINE  "C:\Users\fpolo\e2_studio\workspace\KitTest008_CAN_2\src\intprg.c",17
00000000 7F95                    		RTE
00000002                         _Excep_Access:
                                 		.STACK	_Excep_Access=8
                                 ;      18 
                                 ;      19 // Exception(Access)
                                 ;      20 void Excep_Access(void){/* brk(); */}
                                 		.LINE  "C:\Users\fpolo\e2_studio\workspace\KitTest008_CAN_2\src\intprg.c",20
00000002 7F95                    		RTE
00000004                         _Excep_UndefinedInst:
                                 		.STACK	_Excep_UndefinedInst=8
                                 ;      21 
                                 ;      22 // Exception(Undefined Instruction)
                                 ;      23 void Excep_UndefinedInst(void){/* brk(); */}
                                 		.LINE  "C:\Users\fpolo\e2_studio\workspace\KitTest008_CAN_2\src\intprg.c",23
00000004 7F95                    		RTE
00000006                         _Excep_FloatingPoint:
                                 		.STACK	_Excep_FloatingPoint=8
                                 ;      24 
                                 ;      25 // Exception(Floating Point)
                                 ;      26 void Excep_FloatingPoint(void){/* brk(); */}
                                 		.LINE  "C:\Users\fpolo\e2_studio\workspace\KitTest008_CAN_2\src\intprg.c",26
00000006 7F95                    		RTE
00000008                         _NonMaskableInterrupt:
                                 		.STACK	_NonMaskableInterrupt=8
                                 ;      27 
                                 ;      28 // NMI
                                 ;      29 void NonMaskableInterrupt(void){/* brk(); */}
                                 		.LINE  "C:\Users\fpolo\e2_studio\workspace\KitTest008_CAN_2\src\intprg.c",29
00000008 7F95                    		RTE
0000000A                         _Dummy:
                                 		.STACK	_Dummy=8
                                 ;      30 
                                 ;      31 // Dummy
                                 ;      32 void Dummy(void){/* brk(); */}
                                 		.LINE  "C:\Users\fpolo\e2_studio\workspace\KitTest008_CAN_2\src\intprg.c",32
0000000A 7F95                    		RTE
0000000C                         _Expep_BRK:
                                 		.STACK	_Expep_BRK=8
                                 		.RVECTOR	0,_Expep_BRK
                                 ;      33 
                                 ;      34 // BRK
                                 ;      35 void Expep_BRK(void){ wait(); }
                                 		.LINE  "C:\Users\fpolo\e2_studio\workspace\KitTest008_CAN_2\src\intprg.c",35
0000000C 7F96                    		WAIT
0000000E 7F95                    		RTE
                                 ;      36 
                                 		.END

Information List

TOTAL ERROR(S)    00000
TOTAL WARNING(S)  00000
TOTAL LINE(S)     00102   LINES

Section List

Attr         Size               Name
CODE     0000000016(00000010H)  PIntPRG

Cpu Type

-CPU=RX600

Command Parameter

-subcommand=C:\Users\fpolo\AppData\Local\Temp\$ccrx1D7B429\$ccrx\intprg.src.cmd
    -nologo
    -cpu=rx600
    -fpu
    -fint_register=0
    -debug
    -endian=little
-listfile=C:\Users\fpolo\e2_studio\workspace\KitTest008_CAN_2\Debug\src\intprg.lst
-output=C:\Users\fpolo\e2_studio\workspace\KitTest008_CAN_2\Debug\src\intprg.obj
