* RX FAMILY ASSEMBLER V2.08.00.01 [06 Oct 2017] *  SOURCE LIST  Fri Jul 06 09:06:33 2018

LOC.     OBJ.              0XMDA SOURCE STATEMENT

                                 ;RX Family C/C++ Compiler (V2.08.00 [30 Nov 2017])  06-Jul-2018 09:06:33
                                 
                                 ;*** CPU TYPE ***
                                 
                                 ;-CPU=RX600
                                 
                                 ;*** COMMAND PARAMETER ***
                                 
                                 ;-output=src=resetprg.src
                                 ;-cpu=rx600
                                 ;-fpu
                                 ;-include=C:\PROGRA~2\RENESA~1\CS_~1\CC\CC-RX\V208~1.00\include,C:\Users\fpolo\e2_studio\workspace\KitTest008_CAN_2,C:\Users\fpolo\e2_studio\workspace\KitTest008_CAN_2
                                 ;-define=NOT_DEBUG=1
                                 ;-lang=c99
                                 ;-nomessage
                                 ;-change_message=information
                                 ;-obj_path=src
                                 ;-debug
                                 ;-listfile=src/resetprg.lst
                                 ;-show=source
                                 ;-optimize=0
                                 ;-speed
                                 ;-nologo
                                 ;resetprg.c
                                 
                                 		.glb	_PowerON_Reset_PC
                                 		.glb	__INITSCT
                                 		.glb	_main
                                 ;LineNo. C-SOURCE STATEMENT
                                 
                                 		.SECTION	PResetPRG,CODE
00000000                         _PowerON_Reset_PC:
                                 		.STACK	_PowerON_Reset_PC=4
                                 ;       1 /***********************************************************************/
                                 ;       2 /*                                                                     */
                                 ;       3 /*  FILE        :resetprg.c                                            */
                                 ;       4 /*  DATE        :Fri, Jun 12, 2009                                     */
                                 ;       5 /*  DESCRIPTION :Reset Program                                         */
                                 ;       6 /*  CPU TYPE    :Other                                                 */
                                 ;       7 /*                                                                     */
                                 ;       8 /*  This file is generated by Renesas Project Generator (Ver.4.13).    */
                                 ;       9 /*                                                                     */
                                 ;      10 /***********************************************************************/
                                 ;      11                   
                                 ;      12 
                                 ;      13 
                                 ;      14 #include	<machine.h>
                                 ;      15 #include	<_h_c_lib.h>
                                 ;      16 //#include	<stddef.h>					// Remove the comment when you use errno
                                 ;      17 //#include 	<stdlib.h>					// Remove the comment when you use rand()
                                 ;      18 #include	"stacksct.h"
                                 ;      19 
                                 ;      20 #pragma inline_asm Change_PSW_PM_to_UserMode
                                 ;      21 static void Change_PSW_PM_to_UserMode(void);
                                 ;      22 
                                 ;      23 #ifdef __cplusplus
                                 ;      24 extern "C" {
                                 ;      25 #endif
                                 ;      26 void PowerON_Reset_PC(void);
                                 ;      27 void main(void);
                                 ;      28 #ifdef __cplusplus
                                 ;      29 }
                                 ;      30 #endif
                                 ;      31 
                                 ;      32 //#ifdef __cplusplus				// Use SIM I/O
                                 ;      33 //extern "C" {
                                 ;      34 //#endif
                                 ;      35 //extern void _INIT_IOLIB(void);
                                 ;      36 //extern void _CLOSEALL(void);
                                 ;      37 //#ifdef __cplusplus
                                 ;      38 //}
                                 ;      39 //#endif
                                 ;      40 
                                 ;      41 #define PSW_init  0x00010000
                                 ;      42 #define FPSW_init 0x00000100
                                 ;      43 
                                 ;      44 //extern void srand(_UINT);		// Remove the comment when you use rand()
                                 ;      45 //extern _SBYTE *_s1ptr;				// Remove the comment when you use strtok()
                                 ;      46 		
                                 ;      47 //#ifdef __cplusplus				// Use Hardware Setup
                                 ;      48 //extern "C" {
                                 ;      49 //#endif
                                 ;      50 //extern void HardwareSetup(void);
                                 ;      51 //#ifdef __cplusplus
                                 ;      52 //}
                                 ;      53 //#endif
                                 ;      54 	
                                 ;      55 //#ifdef __cplusplus			// Remove the comment when you use global class object
                                 ;      56 //extern "C" {					// Sections C$INIT and C$END will be generated
                                 ;      57 //#endif
                                 ;      58 //extern void _CALL_INIT(void);
                                 ;      59 //extern void _CALL_END(void);
                                 ;      60 //#ifdef __cplusplus
                                 ;      61 //}
                                 ;      62 //#endif
                                 ;      63 
                                 ;      64 #pragma section ResetPRG
                                 ;      65 
                                 ;      66 #pragma entry PowerON_Reset_PC
                                 ;      67 
                                 ;      68 void PowerON_Reset_PC(void)
                                 		.LINE  "C:\Users\fpolo\e2_studio\workspace\KitTest008_CAN_2\src\resetprg.c",68
00000000 FD7302rrrrrrrr          		MVTC #(TOPOF SU + SIZEOF SU), USP
00000007 FD730Arrrrrrrr          		MVTC #(TOPOF SI + SIZEOF SI), ISP
                                 ;      69 { 
                                 ;      70 	set_intb((unsigned long)__sectop("C$VECT"));
                                 		.LINE  "C:\Users\fpolo\e2_studio\workspace\KitTest008_CAN_2\src\resetprg.c",70
0000000E FBE2rrrrrrrr            		MOV.L #TOPOF C$VECT, R14
00000014 FD68EC                  		MVTC R14, INTB
00000017                         L11:	; entry.split
00000017 FBEA0001                		MOV.L #00000100H, R14
                                 ;      71 	set_fpsw(FPSW_init);
                                 		.LINE  "C:\Users\fpolo\e2_studio\workspace\KitTest008_CAN_2\src\resetprg.c",71
0000001B FD68E3                  		MVTC R14, FPSW
0000001E                         L12:	; entry.split1
                                 ;      72 
                                 ;      73 	_INITSCT();
                                 		.LINE  "C:\Users\fpolo\e2_studio\workspace\KitTest008_CAN_2\src\resetprg.c",73
0000001E 05rrrrrr             A  		BSR __INITSCT
00000022                         L13:	; entry.split2
                                 ;      74 
                                 ;      75 //	_INIT_IOLIB();					// Use SIM I/O
                                 ;      76 
                                 ;      77 //	errno=0;						// Remove the comment when you use errno
                                 ;      78 //	srand((_UINT)1);					// Remove the comment when you use rand()
                                 ;      79 //	_s1ptr=NULL;					// Remove the comment when you use strtok()
                                 ;      80 		
                                 ;      81     nop();
                                 		.LINE  "C:\Users\fpolo\e2_studio\workspace\KitTest008_CAN_2\src\resetprg.c",81
00000022 03                      		NOP
00000023                         L14:	; entry.split3
00000023 FBEE000001              		MOV.L #00010000H, R14
                                 ;      82 
                                 ;      83 //	_CALL_INIT();					// Remove the comment when you use global class object
                                 ;      84 
                                 ;      85 	set_psw(PSW_init);				// Set Ubit & Ibit for PSW
                                 		.LINE  "C:\Users\fpolo\e2_studio\workspace\KitTest008_CAN_2\src\resetprg.c",85
00000028 FD68E0                  		MVTC R14, PSW
0000002B                         L15:	; entry.split4
                                 ;      86 	//Change_PSW_PM_to_UserMode();	// Change PSW PMbit (SuperVisor->User)
                                 ;      87 
                                 ;      88 	main();
                                 		.LINE  "C:\Users\fpolo\e2_studio\workspace\KitTest008_CAN_2\src\resetprg.c",88
0000002B 05rrrrrr             A  		BSR _main
0000002F                         L16:	; entry.split5
                                 ;      89 
                                 ;      90 //	_CLOSEALL();					// Use SIM I/O
                                 ;      91 	
                                 ;      92 //	_CALL_END();					// Remove the comment when you use global class object
                                 ;      93 
                                 ;      94 	brk();
                                 		.LINE  "C:\Users\fpolo\e2_studio\workspace\KitTest008_CAN_2\src\resetprg.c",94
0000002F 00                      		BRK
00000030 02                      		RTS
                                 ;      95 }
                                 ;      96 
                                 ;      97 //static void Change_PSW_PM_to_UserMode(void)
                                 ;      98 //{
                                 ;      99 //	MVFC   PSW,R1
                                 ;     100 //	OR     #00100000h,R1
                                 ;     101 //	PUSH.L R1
                                 ;     102 //	MVFC   PC,R1
                                 ;     103 //	ADD    #10,R1
                                 ;     104 //	PUSH.L R1
                                 ;     105 //	RTE
                                 ;     106 //	NOP
                                 ;     107 //	NOP
                                 ;     108 //}
                                 		.SECTION	SI,DATA,ALIGN=4
00000000(00000100H)              		.blkb	256
                                 		.SECTION	SU,DATA,ALIGN=4
00000000(00000300H)              		.blkb	768
                                 		.SECTION	C$VECT,DATA
                                 		.END

Information List

TOTAL ERROR(S)    00000
TOTAL WARNING(S)  00000
TOTAL LINE(S)     00174   LINES

Section List

Attr         Size               Name
CODE     0000000049(00000031H)  PResetPRG
DATA     0000000768(00000300H)  SU
DATA     0000000256(00000100H)  SI
DATA     0000000000(00000000H)  C$VECT

Cpu Type

-CPU=RX600

Command Parameter

-subcommand=C:\Users\fpolo\AppData\Local\Temp\$ccrx18FD91A\$ccrx\resetprg.src.cmd
    -nologo
    -cpu=rx600
    -fpu
    -fint_register=0
    -debug
    -endian=little
-listfile=C:\Users\fpolo\e2_studio\workspace\KitTest008_CAN_2\Debug\src\resetprg.lst
-output=C:\Users\fpolo\e2_studio\workspace\KitTest008_CAN_2\Debug\src\resetprg.obj
