Renesas Optimizing Linker (W2.08.00 )             16-Jul-2018 09:49:12

*** Options ***

-noprelink
-subcommand=LinkerSubCommand.tmp
-input=".\FreeRTOS/portable/Renesas/RX600\port_asm.obj"
-input=".\FreeRTOS\croutine.obj"
-input=".\FreeRTOS\event_groups.obj"
-input=".\FreeRTOS\list.obj"
-input=".\FreeRTOS/portable/MemMang\heap_4.obj"
-input=".\FreeRTOS/portable/Renesas/RX600\port.obj"
-input=".\FreeRTOS\queue.obj"
-input=".\FreeRTOS\stream_buffer.obj"
-input=".\FreeRTOS\tasks.obj"
-input=".\FreeRTOS\timers.obj"
-input=".\ParTest.obj"
-input=".\dbsct.obj"
-input=".\hwsetup.obj"
-input=".\intprg.obj"
-input=".\led.obj"
-input=".\main.obj"
-input=".\printf-stdarg.obj"
-input=".\resetprg.obj"
-input=".\sbrk.obj"
-input=".\vecttbl.obj"
-library=".\KitRTOSv10_Test001_TaskParam.lib"
-start=SU,SI,B_1,R_1,B_2,R_2,B,R/04,PResetPRG,C_1,C_2,C,C$*,D*,W*,L,PIntPRG,P/0FFF80000,FIXEDVECT/0FFFFFF80
-output=KitRTOSv10_Test001_TaskParam.abs
-form=absolute
-nomessage
-list=KitRTOSv10_Test001_TaskParam.map
-nooptimize
-rom=D=R,D_1=R_1,D_2=R_2
-nologo

*** Error information ***

*** Mapping List ***

SECTION                            START      END         SIZE   ALIGN
SU
                                  00000004  00000103       100   4
SI
                                  00000104  00000403       300   4
B_1
                                  00000404  0000b803      b400   1
R_1
                                  0000b804  0000b804         0   1
B_2
                                  0000b804  0000b804         0   1
R_2
                                  0000b804  0000b804         0   1
B
                                  0000b804  0000bd33       530   4
R
                                  0000bd34  0000bd97        64   4
PResetPRG
                                  fff80000  fff80034        35   1
C_1
                                  fff80035  fff80035         0   1
C_2
                                  fff80035  fff80035         0   1
C
                                  fff80038  fff8006b        34   4
C$DSEC
                                  fff8006c  fff8008f        24   4
C$BSEC
                                  fff80090  fff800a7        18   4
C$INIT
                                  fff800a8  fff800a8         0   1
C$VECT
                                  fff800a8  fff804a7       400   4
C$VTBL
                                  fff804a8  fff804a8         0   1
D
                                  fff804a8  fff8050b        64   4
D_1
                                  fff8050c  fff8050c         0   1
D_2
                                  fff8050c  fff8050c         0   1
W
                                  fff8050c  fff8050c         0   1
W_1
                                  fff8050c  fff8050c         0   1
W_2
                                  fff8050c  fff8050c         0   1
L
                                  fff8050c  fff8055e        53   4
PIntPRG
                                  fff8055f  fff806b2       154   1
P
                                  fff806b3  fff842bb      3c09   1
FIXEDVECT
                                  ffffff80  ffffffff        80   4
